1. Testing Yahoo Finance...

2. Testing Supabase JS...

3. Testing Prisma...
